Component: ARM Compiler 5.06 update 3 (build 300) Tool: armlink [4d35c9]

==============================================================================

Section Cross References

    main.o(.text) refers to _printf_percent.o(.ARM.Collect$$_printf_percent$$00000000) for _printf_percent
    main.o(.text) refers to _printf_f.o(.ARM.Collect$$_printf_percent$$00000003) for _printf_f
    main.o(.text) refers to printf1.o(x$fpl$printf1) for _printf_fp_dec
    main.o(.text) refers to lcd.o(.text) for lcd_Clear_Screen
    main.o(.text) refers to pll.o(.text) for SysTick_Wait
    main.o(.text) refers to f2d.o(x$fpl$f2d) for __aeabi_f2d
    main.o(.text) refers to noretval__2sprintf.o(.text) for __2sprintf
    main.o(.text) refers to port_init.o(.text) for PortA_Init
    main.o(.text) refers to keypad.o(.text) for read_Keypad
    main.o(.text) refers to main.o(.data) for operation
    main.o(.text) refers to main.o(.bss) for button_Press_Array
    lcd.o(.text) refers to pll.o(.text) for SysTick_Wait
    startup_tm4c123.o(STACK) refers (Special) to heapauxi.o(.text) for __use_two_region_memory
    startup_tm4c123.o(HEAP) refers (Special) to heapauxi.o(.text) for __use_two_region_memory
    startup_tm4c123.o(RESET) refers (Special) to heapauxi.o(.text) for __use_two_region_memory
    startup_tm4c123.o(RESET) refers to startup_tm4c123.o(STACK) for __initial_sp
    startup_tm4c123.o(RESET) refers to startup_tm4c123.o(.text) for Reset_Handler
    startup_tm4c123.o(.text) refers (Special) to heapauxi.o(.text) for __use_two_region_memory
    startup_tm4c123.o(.text) refers to system_tm4c123.o(.text) for SystemInit
    startup_tm4c123.o(.text) refers to __main.o(!!!main) for __main
    startup_tm4c123.o(.text) refers to startup_tm4c123.o(HEAP) for Heap_Mem
    startup_tm4c123.o(.text) refers to startup_tm4c123.o(STACK) for Stack_Mem
    system_tm4c123.o(.text) refers to system_tm4c123.o(.data) for SystemCoreClock
    __2sprintf.o(.text) refers to _printf_char_common.o(.text) for _printf_char_common
    __2sprintf.o(.text) refers to _sputc.o(.text) for _sputc
    noretval__2sprintf.o(.text) refers to _printf_char_common.o(.text) for _printf_char_common
    noretval__2sprintf.o(.text) refers to _sputc.o(.text) for _sputc
    __printf.o(.text) refers to _printf_percent.o(.ARM.Collect$$_printf_percent$$00000000) for _printf_percent
    __printf_flags.o(.text) refers to _printf_percent.o(.ARM.Collect$$_printf_percent$$00000000) for _printf_percent
    __printf_flags.o(.text) refers to __printf_flags.o(.constdata) for .constdata
    __printf_ss.o(.text) refers to _printf_percent.o(.ARM.Collect$$_printf_percent$$00000000) for _printf_percent
    __printf_flags_ss.o(.text) refers to _printf_percent.o(.ARM.Collect$$_printf_percent$$00000000) for _printf_percent
    __printf_flags_ss.o(.text) refers to __printf_flags_ss.o(.constdata) for .constdata
    __printf_wp.o(.text) refers to __printf_wp.o(i._is_digit) for _is_digit
    __printf_wp.o(.text) refers to _printf_percent.o(.ARM.Collect$$_printf_percent$$00000000) for _printf_percent
    __printf_flags_wp.o(.text) refers to __printf_wp.o(i._is_digit) for _is_digit
    __printf_flags_wp.o(.text) refers to _printf_percent.o(.ARM.Collect$$_printf_percent$$00000000) for _printf_percent
    __printf_flags_wp.o(.text) refers to __printf_flags_wp.o(.constdata) for .constdata
    __printf_ss_wp.o(.text) refers to __printf_wp.o(i._is_digit) for _is_digit
    __printf_ss_wp.o(.text) refers to _printf_percent.o(.ARM.Collect$$_printf_percent$$00000000) for _printf_percent
    __printf_flags_ss_wp.o(.text) refers to __printf_wp.o(i._is_digit) for _is_digit
    __printf_flags_ss_wp.o(.text) refers to _printf_percent.o(.ARM.Collect$$_printf_percent$$00000000) for _printf_percent
    __printf_flags_ss_wp.o(.text) refers to __printf_flags_ss_wp.o(.constdata) for .constdata
    _printf_f.o(.ARM.Collect$$_printf_percent$$00000003) refers (Weak) to printf1.o(x$fpl$printf1) for _printf_fp_dec
    _printf_percent.o(.ARM.Collect$$_printf_percent$$00000000) refers (Special) to _printf_percent_end.o(.ARM.Collect$$_printf_percent$$00000017) for _printf_percent_end
    __main.o(!!!main) refers to __rtentry.o(.ARM.Collect$$rtentry$$00000000) for __rt_entry
    f2d.o(x$fpl$f2d) refers (Special) to usenofp.o(x$fpl$usenofp) for __I$use$fp
    f2d.o(x$fpl$f2d) refers to fnaninf.o(x$fpl$fnaninf) for __fpl_fnaninf
    f2d.o(x$fpl$f2d) refers to dretinf.o(x$fpl$dretinf) for __fpl_dretinf
    printf1.o(x$fpl$printf1) refers to _printf_fp_dec.o(.text) for _printf_fp_dec_real
    __rtentry.o(.ARM.Collect$$rtentry$$00000000) refers (Special) to __rtentry2.o(.ARM.Collect$$rtentry$$0000000A) for __rt_entry_li
    __rtentry.o(.ARM.Collect$$rtentry$$00000000) refers (Special) to __rtentry2.o(.ARM.Collect$$rtentry$$0000000D) for __rt_entry_main
    __rtentry.o(.ARM.Collect$$rtentry$$00000000) refers (Special) to __rtentry2.o(.ARM.Collect$$rtentry$$0000000C) for __rt_entry_postli_1
    __rtentry.o(.ARM.Collect$$rtentry$$00000000) refers (Special) to __rtentry2.o(.ARM.Collect$$rtentry$$00000009) for __rt_entry_postsh_1
    __rtentry.o(.ARM.Collect$$rtentry$$00000000) refers (Special) to __rtentry2.o(.ARM.Collect$$rtentry$$00000002) for __rt_entry_presh_1
    __rtentry.o(.ARM.Collect$$rtentry$$00000000) refers (Special) to __rtentry4.o(.ARM.Collect$$rtentry$$00000004) for __rt_entry_sh
    _printf_fp_dec.o(.text) refers (Special) to usenofp.o(x$fpl$usenofp) for __I$use$fp
    _printf_fp_dec.o(.text) refers (Special) to lc_numeric_c.o(locale$$code) for _get_lc_numeric
    _printf_fp_dec.o(.text) refers to bigflt0.o(.text) for _btod_etento
    _printf_fp_dec.o(.text) refers to btod.o(CL$$btod_d2e) for _btod_d2e
    _printf_fp_dec.o(.text) refers to btod.o(CL$$btod_ediv) for _btod_ediv
    _printf_fp_dec.o(.text) refers to btod.o(CL$$btod_emul) for _btod_emul
    _printf_fp_dec.o(.text) refers to lludiv10.o(.text) for _ll_udiv10
    _printf_fp_dec.o(.text) refers to fpclassify.o(i.__ARM_fpclassify) for __ARM_fpclassify
    _printf_fp_dec.o(.text) refers to _printf_fp_infnan.o(.text) for _printf_fp_infnan
    _printf_fp_dec.o(.text) refers to rt_locale_intlibspace.o(.text) for __rt_locale
    _printf_char_common.o(.text) refers to __printf_wp.o(.text) for __printf
    dretinf.o(x$fpl$dretinf) refers (Special) to usenofp.o(x$fpl$usenofp) for __I$use$fp
    fnaninf.o(x$fpl$fnaninf) refers (Special) to usenofp.o(x$fpl$usenofp) for __I$use$fp
    __rtentry2.o(.ARM.Collect$$rtentry$$00000008) refers to boardinit2.o(.text) for _platform_post_stackheap_init
    __rtentry2.o(.ARM.Collect$$rtentry$$0000000A) refers to libinit.o(.ARM.Collect$$libinit$$00000000) for __rt_lib_init
    __rtentry2.o(.ARM.Collect$$rtentry$$0000000B) refers to boardinit3.o(.text) for _platform_post_lib_init
    __rtentry2.o(.ARM.Collect$$rtentry$$0000000D) refers to main.o(.text) for main
    __rtentry2.o(.ARM.Collect$$rtentry$$0000000D) refers to exit.o(.text) for exit
    __rtentry2.o(.ARM.exidx) refers to __rtentry2.o(.ARM.Collect$$rtentry$$00000001) for .ARM.Collect$$rtentry$$00000001
    __rtentry2.o(.ARM.exidx) refers to __rtentry2.o(.ARM.Collect$$rtentry$$00000008) for .ARM.Collect$$rtentry$$00000008
    __rtentry2.o(.ARM.exidx) refers to __rtentry2.o(.ARM.Collect$$rtentry$$0000000A) for .ARM.Collect$$rtentry$$0000000A
    __rtentry2.o(.ARM.exidx) refers to __rtentry2.o(.ARM.Collect$$rtentry$$0000000B) for .ARM.Collect$$rtentry$$0000000B
    __rtentry2.o(.ARM.exidx) refers to __rtentry2.o(.ARM.Collect$$rtentry$$0000000D) for .ARM.Collect$$rtentry$$0000000D
    __rtentry4.o(.ARM.Collect$$rtentry$$00000004) refers to sys_stackheap_outer.o(.text) for __user_setup_stackheap
    __rtentry4.o(.ARM.exidx) refers to __rtentry4.o(.ARM.Collect$$rtentry$$00000004) for .ARM.Collect$$rtentry$$00000004
    rt_locale.o(.text) refers to rt_locale.o(.bss) for __rt_locale_data
    rt_locale_intlibspace.o(.text) refers to libspace.o(.bss) for __libspace_start
    bigflt0.o(.text) refers (Special) to usenofp.o(x$fpl$usenofp) for __I$use$fp
    bigflt0.o(.text) refers to btod.o(CL$$btod_emul) for _btod_emul
    bigflt0.o(.text) refers to btod.o(CL$$btod_ediv) for _btod_ediv
    bigflt0.o(.text) refers to bigflt0.o(.constdata) for .constdata
    bigflt0.o(.constdata) refers (Special) to usenofp.o(x$fpl$usenofp) for __I$use$fp
    btod.o(CL$$btod_d2e) refers (Special) to usenofp.o(x$fpl$usenofp) for __I$use$fp
    btod.o(CL$$btod_d2e) refers to btod.o(CL$$btod_d2e_norm_op1) for _d2e_norm_op1
    btod.o(CL$$btod_d2e_norm_op1) refers (Special) to usenofp.o(x$fpl$usenofp) for __I$use$fp
    btod.o(CL$$btod_d2e_norm_op1) refers to btod.o(CL$$btod_d2e_denorm_low) for _d2e_denorm_low
    btod.o(CL$$btod_d2e_denorm_low) refers (Special) to usenofp.o(x$fpl$usenofp) for __I$use$fp
    btod.o(CL$$btod_emul) refers (Special) to usenofp.o(x$fpl$usenofp) for __I$use$fp
    btod.o(CL$$btod_emul) refers to btod.o(CL$$btod_mult_common) for __btod_mult_common
    btod.o(CL$$btod_emul) refers to btod.o(CL$$btod_e2e) for _e2e
    btod.o(CL$$btod_ediv) refers (Special) to usenofp.o(x$fpl$usenofp) for __I$use$fp
    btod.o(CL$$btod_ediv) refers to btod.o(CL$$btod_div_common) for __btod_div_common
    btod.o(CL$$btod_ediv) refers to btod.o(CL$$btod_e2e) for _e2e
    btod.o(CL$$btod_emuld) refers (Special) to usenofp.o(x$fpl$usenofp) for __I$use$fp
    btod.o(CL$$btod_emuld) refers to btod.o(CL$$btod_mult_common) for __btod_mult_common
    btod.o(CL$$btod_emuld) refers to btod.o(CL$$btod_e2d) for _e2d
    btod.o(CL$$btod_edivd) refers (Special) to usenofp.o(x$fpl$usenofp) for __I$use$fp
    btod.o(CL$$btod_edivd) refers to btod.o(CL$$btod_div_common) for __btod_div_common
    btod.o(CL$$btod_edivd) refers to btod.o(CL$$btod_e2d) for _e2d
    btod.o(CL$$btod_e2e) refers (Special) to usenofp.o(x$fpl$usenofp) for __I$use$fp
    btod.o(CL$$btod_e2d) refers (Special) to usenofp.o(x$fpl$usenofp) for __I$use$fp
    btod.o(CL$$btod_e2d) refers to btod.o(CL$$btod_e2e) for _e2e
    btod.o(CL$$btod_mult_common) refers (Special) to usenofp.o(x$fpl$usenofp) for __I$use$fp
    btod.o(CL$$btod_div_common) refers (Special) to usenofp.o(x$fpl$usenofp) for __I$use$fp
    lc_numeric_c.o(locale$$data) refers (Special) to libinit2.o(.ARM.Collect$$libinit$$00000016) for __rt_lib_init_lc_numeric_2
    lc_numeric_c.o(locale$$code) refers (Special) to libinit2.o(.ARM.Collect$$libinit$$00000016) for __rt_lib_init_lc_numeric_2
    lc_numeric_c.o(locale$$code) refers to strcmpv7m.o(.text) for strcmp
    lc_numeric_c.o(locale$$code) refers to lc_numeric_c.o(locale$$data) for __lcnum_c_name
    istatus.o(x$fpl$ieeestatus) refers (Special) to usenofp.o(x$fpl$usenofp) for __I$use$fp
    fpclassify.o(i.__ARM_fpclassify) refers (Special) to usenofp.o(x$fpl$usenofp) for __I$use$fp
    libspace.o(.text) refers to libspace.o(.bss) for __libspace_start
    sys_stackheap_outer.o(.text) refers to libspace.o(.text) for __user_perproc_libspace
    sys_stackheap_outer.o(.text) refers to startup_tm4c123.o(.text) for __user_initial_stackheap
    exit.o(.text) refers to rtexit.o(.ARM.Collect$$rtexit$$00000000) for __rt_exit
    libinit.o(.ARM.Collect$$libinit$$00000000) refers (Special) to libinit2.o(.ARM.Collect$$libinit$$0000002E) for __rt_lib_init_alloca_1
    libinit.o(.ARM.Collect$$libinit$$00000000) refers (Special) to libinit2.o(.ARM.Collect$$libinit$$0000002C) for __rt_lib_init_argv_1
    libinit.o(.ARM.Collect$$libinit$$00000000) refers (Special) to libinit2.o(.ARM.Collect$$libinit$$0000001B) for __rt_lib_init_atexit_1
    libinit.o(.ARM.Collect$$libinit$$00000000) refers (Special) to libinit2.o(.ARM.Collect$$libinit$$00000021) for __rt_lib_init_clock_1
    libinit.o(.ARM.Collect$$libinit$$00000000) refers (Special) to libinit2.o(.ARM.Collect$$libinit$$00000032) for __rt_lib_init_cpp_1
    libinit.o(.ARM.Collect$$libinit$$00000000) refers (Special) to libinit2.o(.ARM.Collect$$libinit$$00000030) for __rt_lib_init_exceptions_1
    libinit.o(.ARM.Collect$$libinit$$00000000) refers (Special) to libinit2.o(.ARM.Collect$$libinit$$00000001) for __rt_lib_init_fp_1
    libinit.o(.ARM.Collect$$libinit$$00000000) refers (Special) to libinit2.o(.ARM.Collect$$libinit$$0000001F) for __rt_lib_init_fp_trap_1
    libinit.o(.ARM.Collect$$libinit$$00000000) refers (Special) to libinit2.o(.ARM.Collect$$libinit$$00000023) for __rt_lib_init_getenv_1
    libinit.o(.ARM.Collect$$libinit$$00000000) refers (Special) to libinit2.o(.ARM.Collect$$libinit$$0000000A) for __rt_lib_init_heap_1
    libinit.o(.ARM.Collect$$libinit$$00000000) refers (Special) to libinit2.o(.ARM.Collect$$libinit$$00000011) for __rt_lib_init_lc_collate_1
    libinit.o(.ARM.Collect$$libinit$$00000000) refers (Special) to libinit2.o(.ARM.Collect$$libinit$$00000013) for __rt_lib_init_lc_ctype_1
    libinit.o(.ARM.Collect$$libinit$$00000000) refers (Special) to libinit2.o(.ARM.Collect$$libinit$$00000015) for __rt_lib_init_lc_monetary_1
    libinit.o(.ARM.Collect$$libinit$$00000000) refers (Special) to libinit2.o(.ARM.Collect$$libinit$$00000017) for __rt_lib_init_lc_numeric_1
    libinit.o(.ARM.Collect$$libinit$$00000000) refers (Special) to libinit2.o(.ARM.Collect$$libinit$$00000019) for __rt_lib_init_lc_time_1
    libinit.o(.ARM.Collect$$libinit$$00000000) refers (Special) to libinit2.o(.ARM.Collect$$libinit$$00000004) for __rt_lib_init_preinit_1
    libinit.o(.ARM.Collect$$libinit$$00000000) refers (Special) to libinit2.o(.ARM.Collect$$libinit$$0000000E) for __rt_lib_init_rand_1
    libinit.o(.ARM.Collect$$libinit$$00000000) refers (Special) to libinit2.o(.ARM.Collect$$libinit$$00000033) for __rt_lib_init_return
    libinit.o(.ARM.Collect$$libinit$$00000000) refers (Special) to libinit2.o(.ARM.Collect$$libinit$$0000001D) for __rt_lib_init_signal_1
    libinit.o(.ARM.Collect$$libinit$$00000000) refers (Special) to libinit2.o(.ARM.Collect$$libinit$$00000025) for __rt_lib_init_stdio_1
    libinit.o(.ARM.Collect$$libinit$$00000000) refers (Special) to libinit2.o(.ARM.Collect$$libinit$$0000000C) for __rt_lib_init_user_alloc_1
    libinit2.o(.ARM.Collect$$libinit$$00000001) refers to fpinit.o(x$fpl$fpinit) for _fp_init
    libinit2.o(.ARM.Collect$$libinit$$0000000F) refers (Weak) to rt_locale_intlibspace.o(.text) for __rt_locale
    libinit2.o(.ARM.Collect$$libinit$$00000010) refers to libinit2.o(.ARM.Collect$$libinit$$0000000F) for .ARM.Collect$$libinit$$0000000F
    libinit2.o(.ARM.Collect$$libinit$$00000012) refers to libinit2.o(.ARM.Collect$$libinit$$0000000F) for .ARM.Collect$$libinit$$0000000F
    libinit2.o(.ARM.Collect$$libinit$$00000014) refers to libinit2.o(.ARM.Collect$$libinit$$0000000F) for .ARM.Collect$$libinit$$0000000F
    libinit2.o(.ARM.Collect$$libinit$$00000016) refers to libinit2.o(.ARM.Collect$$libinit$$0000000F) for .ARM.Collect$$libinit$$0000000F
    libinit2.o(.ARM.Collect$$libinit$$00000016) refers (Weak) to lc_numeric_c.o(locale$$code) for _get_lc_numeric
    libinit2.o(.ARM.Collect$$libinit$$00000018) refers to libinit2.o(.ARM.Collect$$libinit$$0000000F) for .ARM.Collect$$libinit$$0000000F
    libinit2.o(.ARM.Collect$$libinit$$00000026) refers to argv_veneer.o(.emb_text) for __ARM_argv_veneer
    libinit2.o(.ARM.Collect$$libinit$$00000027) refers to argv_veneer.o(.emb_text) for __ARM_argv_veneer
    rtexit.o(.ARM.Collect$$rtexit$$00000000) refers (Special) to rtexit2.o(.ARM.Collect$$rtexit$$00000004) for __rt_exit_exit
    rtexit.o(.ARM.Collect$$rtexit$$00000000) refers (Special) to rtexit2.o(.ARM.Collect$$rtexit$$00000003) for __rt_exit_ls
    rtexit.o(.ARM.Collect$$rtexit$$00000000) refers (Special) to rtexit2.o(.ARM.Collect$$rtexit$$00000002) for __rt_exit_prels_1
    rtexit.o(.ARM.exidx) refers (Special) to rtexit2.o(.ARM.Collect$$rtexit$$00000004) for __rt_exit_exit
    rtexit.o(.ARM.exidx) refers (Special) to rtexit2.o(.ARM.Collect$$rtexit$$00000003) for __rt_exit_ls
    rtexit.o(.ARM.exidx) refers (Special) to rtexit2.o(.ARM.Collect$$rtexit$$00000002) for __rt_exit_prels_1
    rtexit.o(.ARM.exidx) refers to rtexit.o(.ARM.Collect$$rtexit$$00000000) for .ARM.Collect$$rtexit$$00000000
    argv_veneer.o(.emb_text) refers to no_argv.o(.text) for __ARM_get_argv
    rtexit2.o(.ARM.Collect$$rtexit$$00000003) refers to libshutdown.o(.ARM.Collect$$libshutdown$$00000000) for __rt_lib_shutdown
    rtexit2.o(.ARM.Collect$$rtexit$$00000004) refers to sys_exit.o(.text) for _sys_exit
    rtexit2.o(.ARM.exidx) refers to rtexit2.o(.ARM.Collect$$rtexit$$00000001) for .ARM.Collect$$rtexit$$00000001
    rtexit2.o(.ARM.exidx) refers to rtexit2.o(.ARM.Collect$$rtexit$$00000003) for .ARM.Collect$$rtexit$$00000003
    rtexit2.o(.ARM.exidx) refers to rtexit2.o(.ARM.Collect$$rtexit$$00000004) for .ARM.Collect$$rtexit$$00000004
    _get_argv_nomalloc.o(.text) refers (Special) to hrguard.o(.text) for __heap_region$guard
    _get_argv_nomalloc.o(.text) refers to defsig_rtmem_outer.o(.text) for __rt_SIGRTMEM
    _get_argv_nomalloc.o(.text) refers to sys_command.o(.text) for _sys_command_string
    sys_command.o(.text) refers (Special) to use_no_semi.o(.text) for __I$use$semihosting
    sys_command.o(.text) refers (Special) to indicate_semi.o(.text) for __semihosting_library_function
    sys_exit.o(.text) refers (Special) to use_no_semi.o(.text) for __I$use$semihosting
    sys_exit.o(.text) refers (Special) to indicate_semi.o(.text) for __semihosting_library_function
    defsig_rtmem_outer.o(.text) refers to defsig_rtmem_inner.o(.text) for __rt_SIGRTMEM_inner
    defsig_rtmem_outer.o(.text) refers to defsig_exit.o(.text) for __sig_exit
    defsig_rtmem_formal.o(.text) refers to rt_raise.o(.text) for __rt_raise
    libshutdown.o(.ARM.Collect$$libshutdown$$00000000) refers (Special) to libshutdown2.o(.ARM.Collect$$libshutdown$$00000002) for __rt_lib_shutdown_cpp_1
    libshutdown.o(.ARM.Collect$$libshutdown$$00000000) refers (Special) to libshutdown2.o(.ARM.Collect$$libshutdown$$00000007) for __rt_lib_shutdown_fp_trap_1
    libshutdown.o(.ARM.Collect$$libshutdown$$00000000) refers (Special) to libshutdown2.o(.ARM.Collect$$libshutdown$$0000000F) for __rt_lib_shutdown_heap_1
    libshutdown.o(.ARM.Collect$$libshutdown$$00000000) refers (Special) to libshutdown2.o(.ARM.Collect$$libshutdown$$00000010) for __rt_lib_shutdown_return
    libshutdown.o(.ARM.Collect$$libshutdown$$00000000) refers (Special) to libshutdown2.o(.ARM.Collect$$libshutdown$$0000000A) for __rt_lib_shutdown_signal_1
    libshutdown.o(.ARM.Collect$$libshutdown$$00000000) refers (Special) to libshutdown2.o(.ARM.Collect$$libshutdown$$00000004) for __rt_lib_shutdown_stdio_1
    libshutdown.o(.ARM.Collect$$libshutdown$$00000000) refers (Special) to libshutdown2.o(.ARM.Collect$$libshutdown$$0000000C) for __rt_lib_shutdown_user_alloc_1
    rt_raise.o(.text) refers to __raise.o(.text) for __raise
    rt_raise.o(.text) refers to sys_exit.o(.text) for _sys_exit
    defsig_exit.o(.text) refers to sys_exit.o(.text) for _sys_exit
    defsig_rtmem_inner.o(.text) refers to defsig_general.o(.text) for __default_signal_display
    __raise.o(.text) refers to defsig.o(CL$$defsig) for __default_signal_handler
    defsig_general.o(.text) refers to sys_wrch.o(.text) for _ttywrch
    sys_wrch.o(.text) refers (Special) to use_no_semi.o(.text) for __I$use$semihosting
    sys_wrch.o(.text) refers (Special) to indicate_semi.o(.text) for __semihosting_library_function
    defsig.o(CL$$defsig) refers to defsig_rtmem_inner.o(.text) for __rt_SIGRTMEM_inner
    defsig_abrt_inner.o(.text) refers to defsig_general.o(.text) for __default_signal_display
    defsig_fpe_inner.o(.text) refers to defsig_general.o(.text) for __default_signal_display
    defsig_rtred_inner.o(.text) refers to defsig_general.o(.text) for __default_signal_display
    defsig_stak_inner.o(.text) refers to defsig_general.o(.text) for __default_signal_display
    defsig_pvfn_inner.o(.text) refers to defsig_general.o(.text) for __default_signal_display
    defsig_cppl_inner.o(.text) refers to defsig_general.o(.text) for __default_signal_display
    defsig_segv_inner.o(.text) refers to defsig_general.o(.text) for __default_signal_display
    defsig_other.o(.text) refers to defsig_general.o(.text) for __default_signal_display


==============================================================================

Removing Unused input sections from the image.

    Removing system_tm4c123.o(.rev16_text), (4 bytes).
    Removing system_tm4c123.o(.revsh_text), (4 bytes).
    Removing system_tm4c123.o(.rrx_text), (6 bytes).

3 unused section(s) (total 14 bytes) removed from the image.

==============================================================================

Image Symbol Table

    Local Symbols

    Symbol Name                              Value     Ov Type        Size  Object(Section)

    RESET                                    0x00000000   Section      620  startup_tm4c123.o(RESET)
    ../clib/angel/boardlib.s                 0x00000000   Number         0  boardinit3.o ABSOLUTE
    ../clib/angel/boardlib.s                 0x00000000   Number         0  boardinit2.o ABSOLUTE
    ../clib/angel/boardlib.s                 0x00000000   Number         0  boardshut.o ABSOLUTE
    ../clib/angel/boardlib.s                 0x00000000   Number         0  boardinit1.o ABSOLUTE
    ../clib/angel/handlers.s                 0x00000000   Number         0  __scatter_zi.o ABSOLUTE
    ../clib/angel/handlers.s                 0x00000000   Number         0  __scatter_copy.o ABSOLUTE
    ../clib/angel/kernel.s                   0x00000000   Number         0  rtexit.o ABSOLUTE
    ../clib/angel/kernel.s                   0x00000000   Number         0  __rtentry4.o ABSOLUTE
    ../clib/angel/kernel.s                   0x00000000   Number         0  __rtentry.o ABSOLUTE
    ../clib/angel/kernel.s                   0x00000000   Number         0  rtexit2.o ABSOLUTE
    ../clib/angel/kernel.s                   0x00000000   Number         0  __rtentry2.o ABSOLUTE
    ../clib/angel/rt.s                       0x00000000   Number         0  rt_locale_intlibspace.o ABSOLUTE
    ../clib/angel/rt.s                       0x00000000   Number         0  rt_locale.o ABSOLUTE
    ../clib/angel/rt.s                       0x00000000   Number         0  rt_raise.o ABSOLUTE
    ../clib/angel/scatter.s                  0x00000000   Number         0  __scatter.o ABSOLUTE
    ../clib/angel/startup.s                  0x00000000   Number         0  __main.o ABSOLUTE
    ../clib/angel/sys.s                      0x00000000   Number         0  sys_stackheap_outer.o ABSOLUTE
    ../clib/angel/sys.s                      0x00000000   Number         0  libspace.o ABSOLUTE
    ../clib/angel/sys.s                      0x00000000   Number         0  indicate_semi.o ABSOLUTE
    ../clib/angel/sys.s                      0x00000000   Number         0  use_no_semi.o ABSOLUTE
    ../clib/angel/sysapp.c                   0x00000000   Number         0  sys_wrch.o ABSOLUTE
    ../clib/angel/sysapp.c                   0x00000000   Number         0  sys_exit.o ABSOLUTE
    ../clib/angel/sysapp.c                   0x00000000   Number         0  sys_command.o ABSOLUTE
    ../clib/armsys.c                         0x00000000   Number         0  _get_argv_nomalloc.o ABSOLUTE
    ../clib/armsys.c                         0x00000000   Number         0  no_argv.o ABSOLUTE
    ../clib/armsys.c                         0x00000000   Number         0  argv_veneer.o ABSOLUTE
    ../clib/armsys.c                         0x00000000   Number         0  argv_veneer.o ABSOLUTE
    ../clib/bigflt.c                         0x00000000   Number         0  bigflt0.o ABSOLUTE
    ../clib/btod.s                           0x00000000   Number         0  btod.o ABSOLUTE
    ../clib/heapalloc.c                      0x00000000   Number         0  hrguard.o ABSOLUTE
    ../clib/heapaux.c                        0x00000000   Number         0  heapauxi.o ABSOLUTE
    ../clib/libinit.s                        0x00000000   Number         0  libinit.o ABSOLUTE
    ../clib/libinit.s                        0x00000000   Number         0  libshutdown2.o ABSOLUTE
    ../clib/libinit.s                        0x00000000   Number         0  libshutdown.o ABSOLUTE
    ../clib/libinit.s                        0x00000000   Number         0  libinit2.o ABSOLUTE
    ../clib/locale.s                         0x00000000   Number         0  lc_numeric_c.o ABSOLUTE
    ../clib/longlong.s                       0x00000000   Number         0  lludiv10.o ABSOLUTE
    ../clib/memcpset.s                       0x00000000   Number         0  strcmpv7m.o ABSOLUTE
    ../clib/misc.s                           0x00000000   Number         0  printf_stubs.o ABSOLUTE
    ../clib/printf.c                         0x00000000   Number         0  _printf_char_common.o ABSOLUTE
    ../clib/printf.c                         0x00000000   Number         0  _sputc.o ABSOLUTE
    ../clib/printf.c                         0x00000000   Number         0  __printf.o ABSOLUTE
    ../clib/printf.c                         0x00000000   Number         0  _printf_fp_infnan.o ABSOLUTE
    ../clib/printf.c                         0x00000000   Number         0  __2sprintf.o ABSOLUTE
    ../clib/printf.c                         0x00000000   Number         0  __printf_flags_ss_wp.o ABSOLUTE
    ../clib/printf.c                         0x00000000   Number         0  __printf_nopercent.o ABSOLUTE
    ../clib/printf.c                         0x00000000   Number         0  __printf_ss_wp.o ABSOLUTE
    ../clib/printf.c                         0x00000000   Number         0  __printf_flags_wp.o ABSOLUTE
    ../clib/printf.c                         0x00000000   Number         0  noretval__2sprintf.o ABSOLUTE
    ../clib/printf.c                         0x00000000   Number         0  __printf_wp.o ABSOLUTE
    ../clib/printf.c                         0x00000000   Number         0  __printf_flags_ss.o ABSOLUTE
    ../clib/printf.c                         0x00000000   Number         0  __printf_ss.o ABSOLUTE
    ../clib/printf.c                         0x00000000   Number         0  __printf_flags.o ABSOLUTE
    ../clib/printf.c                         0x00000000   Number         0  _printf_fp_dec.o ABSOLUTE
    ../clib/printf_percent.s                 0x00000000   Number         0  _printf_percent_end.o ABSOLUTE
    ../clib/printf_percent.s                 0x00000000   Number         0  _printf_percent.o ABSOLUTE
    ../clib/printf_percent.s                 0x00000000   Number         0  _printf_f.o ABSOLUTE
    ../clib/signal.c                         0x00000000   Number         0  defsig_stak_inner.o ABSOLUTE
    ../clib/signal.c                         0x00000000   Number         0  defsig_pvfn_inner.o ABSOLUTE
    ../clib/signal.c                         0x00000000   Number         0  defsig_cppl_inner.o ABSOLUTE
    ../clib/signal.c                         0x00000000   Number         0  defsig_segv_inner.o ABSOLUTE
    ../clib/signal.c                         0x00000000   Number         0  defsig_other.o ABSOLUTE
    ../clib/signal.c                         0x00000000   Number         0  defsig_rtmem_inner.o ABSOLUTE
    ../clib/signal.c                         0x00000000   Number         0  defsig_rtmem_outer.o ABSOLUTE
    ../clib/signal.c                         0x00000000   Number         0  defsig_rtmem_formal.o ABSOLUTE
    ../clib/signal.c                         0x00000000   Number         0  defsig_exit.o ABSOLUTE
    ../clib/signal.c                         0x00000000   Number         0  __raise.o ABSOLUTE
    ../clib/signal.c                         0x00000000   Number         0  defsig_general.o ABSOLUTE
    ../clib/signal.c                         0x00000000   Number         0  defsig_abrt_inner.o ABSOLUTE
    ../clib/signal.c                         0x00000000   Number         0  defsig_fpe_inner.o ABSOLUTE
    ../clib/signal.c                         0x00000000   Number         0  defsig_rtred_inner.o ABSOLUTE
    ../clib/signal.s                         0x00000000   Number         0  defsig.o ABSOLUTE
    ../clib/stdlib.c                         0x00000000   Number         0  exit.o ABSOLUTE
    ../fplib/dretinf.s                       0x00000000   Number         0  dretinf.o ABSOLUTE
    ../fplib/f2d.s                           0x00000000   Number         0  f2d.o ABSOLUTE
    ../fplib/fnaninf.s                       0x00000000   Number         0  fnaninf.o ABSOLUTE
    ../fplib/fpinit.s                        0x00000000   Number         0  fpinit.o ABSOLUTE
    ../fplib/istatus.s                       0x00000000   Number         0  istatus.o ABSOLUTE
    ../fplib/printf1.s                       0x00000000   Number         0  printf1.o ABSOLUTE
    ../fplib/usenofp.s                       0x00000000   Number         0  usenofp.o ABSOLUTE
    ../mathlib/fpclassify.c                  0x00000000   Number         0  fpclassify.o ABSOLUTE
    Keypad.c                                 0x00000000   Number         0  keypad.o ABSOLUTE
    LCD.c                                    0x00000000   Number         0  lcd.o ABSOLUTE
    PLL.c                                    0x00000000   Number         0  pll.o ABSOLUTE
    Port_Init.c                              0x00000000   Number         0  port_init.o ABSOLUTE
    RTE\Device\TM4C123GH6PM\startup_TM4C123.s 0x00000000   Number         0  startup_tm4c123.o ABSOLUTE
    RTE\Device\TM4C123GH6PM\system_TM4C123.c 0x00000000   Number         0  system_tm4c123.o ABSOLUTE
    RTE\\Device\\TM4C123GH6PM\\system_TM4C123.c 0x00000000   Number         0  system_tm4c123.o ABSOLUTE
    dc.s                                     0x00000000   Number         0  dc.o ABSOLUTE
    main.c                                   0x00000000   Number         0  main.o ABSOLUTE
    !!!main                                  0x0000026c   Section        8  __main.o(!!!main)
    !!!scatter                               0x00000274   Section       52  __scatter.o(!!!scatter)
    !!handler_copy                           0x000002a8   Section       26  __scatter_copy.o(!!handler_copy)
    !!handler_zi                             0x000002c4   Section       28  __scatter_zi.o(!!handler_zi)
    .ARM.Collect$$_printf_percent$$00000000  0x000002e0   Section        0  _printf_percent.o(.ARM.Collect$$_printf_percent$$00000000)
    .ARM.Collect$$_printf_percent$$00000003  0x000002e0   Section        6  _printf_f.o(.ARM.Collect$$_printf_percent$$00000003)
    .ARM.Collect$$_printf_percent$$00000017  0x000002e6   Section        4  _printf_percent_end.o(.ARM.Collect$$_printf_percent$$00000017)
    .ARM.Collect$$libinit$$00000000          0x000002ea   Section        2  libinit.o(.ARM.Collect$$libinit$$00000000)
    .ARM.Collect$$libinit$$00000001          0x000002ec   Section        4  libinit2.o(.ARM.Collect$$libinit$$00000001)
    .ARM.Collect$$libinit$$00000004          0x000002f0   Section        0  libinit2.o(.ARM.Collect$$libinit$$00000004)
    .ARM.Collect$$libinit$$0000000A          0x000002f0   Section        0  libinit2.o(.ARM.Collect$$libinit$$0000000A)
    .ARM.Collect$$libinit$$0000000C          0x000002f0   Section        0  libinit2.o(.ARM.Collect$$libinit$$0000000C)
    .ARM.Collect$$libinit$$0000000E          0x000002f0   Section        0  libinit2.o(.ARM.Collect$$libinit$$0000000E)
    .ARM.Collect$$libinit$$0000000F          0x000002f0   Section        6  libinit2.o(.ARM.Collect$$libinit$$0000000F)
    .ARM.Collect$$libinit$$00000011          0x000002f6   Section        0  libinit2.o(.ARM.Collect$$libinit$$00000011)
    .ARM.Collect$$libinit$$00000013          0x000002f6   Section        0  libinit2.o(.ARM.Collect$$libinit$$00000013)
    .ARM.Collect$$libinit$$00000015          0x000002f6   Section        0  libinit2.o(.ARM.Collect$$libinit$$00000015)
    .ARM.Collect$$libinit$$00000016          0x000002f6   Section       10  libinit2.o(.ARM.Collect$$libinit$$00000016)
    .ARM.Collect$$libinit$$00000017          0x00000300   Section        0  libinit2.o(.ARM.Collect$$libinit$$00000017)
    .ARM.Collect$$libinit$$00000019          0x00000300   Section        0  libinit2.o(.ARM.Collect$$libinit$$00000019)
    .ARM.Collect$$libinit$$0000001B          0x00000300   Section        0  libinit2.o(.ARM.Collect$$libinit$$0000001B)
    .ARM.Collect$$libinit$$0000001D          0x00000300   Section        0  libinit2.o(.ARM.Collect$$libinit$$0000001D)
    .ARM.Collect$$libinit$$0000001F          0x00000300   Section        0  libinit2.o(.ARM.Collect$$libinit$$0000001F)
    .ARM.Collect$$libinit$$00000021          0x00000300   Section        0  libinit2.o(.ARM.Collect$$libinit$$00000021)
    .ARM.Collect$$libinit$$00000023          0x00000300   Section        0  libinit2.o(.ARM.Collect$$libinit$$00000023)
    .ARM.Collect$$libinit$$00000025          0x00000300   Section        0  libinit2.o(.ARM.Collect$$libinit$$00000025)
    .ARM.Collect$$libinit$$0000002C          0x00000300   Section        0  libinit2.o(.ARM.Collect$$libinit$$0000002C)
    .ARM.Collect$$libinit$$0000002E          0x00000300   Section        0  libinit2.o(.ARM.Collect$$libinit$$0000002E)
    .ARM.Collect$$libinit$$00000030          0x00000300   Section        0  libinit2.o(.ARM.Collect$$libinit$$00000030)
    .ARM.Collect$$libinit$$00000032          0x00000300   Section        0  libinit2.o(.ARM.Collect$$libinit$$00000032)
    .ARM.Collect$$libinit$$00000033          0x00000300   Section        2  libinit2.o(.ARM.Collect$$libinit$$00000033)
    .ARM.Collect$$libshutdown$$00000000      0x00000302   Section        2  libshutdown.o(.ARM.Collect$$libshutdown$$00000000)
    .ARM.Collect$$libshutdown$$00000002      0x00000304   Section        0  libshutdown2.o(.ARM.Collect$$libshutdown$$00000002)
    .ARM.Collect$$libshutdown$$00000004      0x00000304   Section        0  libshutdown2.o(.ARM.Collect$$libshutdown$$00000004)
    .ARM.Collect$$libshutdown$$00000007      0x00000304   Section        0  libshutdown2.o(.ARM.Collect$$libshutdown$$00000007)
    .ARM.Collect$$libshutdown$$0000000A      0x00000304   Section        0  libshutdown2.o(.ARM.Collect$$libshutdown$$0000000A)
    .ARM.Collect$$libshutdown$$0000000C      0x00000304   Section        0  libshutdown2.o(.ARM.Collect$$libshutdown$$0000000C)
    .ARM.Collect$$libshutdown$$0000000F      0x00000304   Section        0  libshutdown2.o(.ARM.Collect$$libshutdown$$0000000F)
    .ARM.Collect$$libshutdown$$00000010      0x00000304   Section        2  libshutdown2.o(.ARM.Collect$$libshutdown$$00000010)
    .ARM.Collect$$rtentry$$00000000          0x00000306   Section        0  __rtentry.o(.ARM.Collect$$rtentry$$00000000)
    .ARM.Collect$$rtentry$$00000002          0x00000306   Section        0  __rtentry2.o(.ARM.Collect$$rtentry$$00000002)
    .ARM.Collect$$rtentry$$00000004          0x00000306   Section        6  __rtentry4.o(.ARM.Collect$$rtentry$$00000004)
    .ARM.Collect$$rtentry$$00000009          0x0000030c   Section        0  __rtentry2.o(.ARM.Collect$$rtentry$$00000009)
    .ARM.Collect$$rtentry$$0000000A          0x0000030c   Section        4  __rtentry2.o(.ARM.Collect$$rtentry$$0000000A)
    .ARM.Collect$$rtentry$$0000000C          0x00000310   Section        0  __rtentry2.o(.ARM.Collect$$rtentry$$0000000C)
    .ARM.Collect$$rtentry$$0000000D          0x00000310   Section        8  __rtentry2.o(.ARM.Collect$$rtentry$$0000000D)
    .ARM.Collect$$rtexit$$00000000           0x00000318   Section        2  rtexit.o(.ARM.Collect$$rtexit$$00000000)
    .ARM.Collect$$rtexit$$00000002           0x0000031a   Section        0  rtexit2.o(.ARM.Collect$$rtexit$$00000002)
    .ARM.Collect$$rtexit$$00000003           0x0000031a   Section        4  rtexit2.o(.ARM.Collect$$rtexit$$00000003)
    .ARM.Collect$$rtexit$$00000004           0x0000031e   Section        6  rtexit2.o(.ARM.Collect$$rtexit$$00000004)
    .text                                    0x00000324   Section        0  main.o(.text)
    .text                                    0x000006a8   Section        0  lcd.o(.text)
    .text                                    0x00000814   Section        0  keypad.o(.text)
    .text                                    0x000008e4   Section        0  pll.o(.text)
    .text                                    0x0000098c   Section        0  port_init.o(.text)
    .text                                    0x00000b38   Section      276  startup_tm4c123.o(.text)
    $v0                                      0x00000b38   Number         0  startup_tm4c123.o(.text)
    .text                                    0x00000c4c   Section        0  system_tm4c123.o(.text)
    getOscClk                                0x00000c4d   Thumb Code   182  system_tm4c123.o(.text)
    .text                                    0x00000e9c   Section        0  noretval__2sprintf.o(.text)
    .text                                    0x00000ec4   Section        0  __printf_wp.o(.text)
    .text                                    0x00000fd2   Section        0  heapauxi.o(.text)
    .text                                    0x00000fd8   Section        0  _printf_fp_dec.o(.text)
    _fp_digits                               0x00000fdb   Thumb Code   428  _printf_fp_dec.o(.text)
    .text                                    0x000013f4   Section        0  _printf_char_common.o(.text)
    _printf_input_char                       0x000013f5   Thumb Code    10  _printf_char_common.o(.text)
    .text                                    0x00001424   Section        0  _sputc.o(.text)
    .text                                    0x00001430   Section        8  rt_locale_intlibspace.o(.text)
    .text                                    0x00001438   Section      138  lludiv10.o(.text)
    .text                                    0x000014c4   Section        0  _printf_fp_infnan.o(.text)
    .text                                    0x00001544   Section        0  bigflt0.o(.text)
    .text                                    0x00001620   Section        8  libspace.o(.text)
    .text                                    0x00001628   Section       74  sys_stackheap_outer.o(.text)
    .text                                    0x00001672   Section        0  exit.o(.text)
    .text                                    0x00001684   Section      128  strcmpv7m.o(.text)
    .text                                    0x00001704   Section        0  sys_exit.o(.text)
    .text                                    0x00001710   Section        2  use_no_semi.o(.text)
    .text                                    0x00001712   Section        0  indicate_semi.o(.text)
    CL$$btod_d2e                             0x00001712   Section       62  btod.o(CL$$btod_d2e)
    CL$$btod_d2e_denorm_low                  0x00001750   Section       70  btod.o(CL$$btod_d2e_denorm_low)
    CL$$btod_d2e_norm_op1                    0x00001796   Section       96  btod.o(CL$$btod_d2e_norm_op1)
    CL$$btod_div_common                      0x000017f6   Section      824  btod.o(CL$$btod_div_common)
    CL$$btod_e2e                             0x00001b2e   Section      198  btod.o(CL$$btod_e2e)
    CL$$btod_ediv                            0x00001bf4   Section       40  btod.o(CL$$btod_ediv)
    CL$$btod_emul                            0x00001c1c   Section       40  btod.o(CL$$btod_emul)
    CL$$btod_mult_common                     0x00001c44   Section      580  btod.o(CL$$btod_mult_common)
    i.__ARM_fpclassify                       0x00001e88   Section        0  fpclassify.o(i.__ARM_fpclassify)
    i._is_digit                              0x00001eb8   Section        0  __printf_wp.o(i._is_digit)
    locale$$code                             0x00001ec8   Section       44  lc_numeric_c.o(locale$$code)
    x$fpl$dretinf                            0x00001ef4   Section       12  dretinf.o(x$fpl$dretinf)
    $v0                                      0x00001ef4   Number         0  dretinf.o(x$fpl$dretinf)
    x$fpl$f2d                                0x00001f00   Section       86  f2d.o(x$fpl$f2d)
    $v0                                      0x00001f00   Number         0  f2d.o(x$fpl$f2d)
    x$fpl$fnaninf                            0x00001f56   Section      140  fnaninf.o(x$fpl$fnaninf)
    $v0                                      0x00001f56   Number         0  fnaninf.o(x$fpl$fnaninf)
    x$fpl$fpinit                             0x00001fe2   Section       10  fpinit.o(x$fpl$fpinit)
    $v0                                      0x00001fe2   Number         0  fpinit.o(x$fpl$fpinit)
    x$fpl$printf1                            0x00001fec   Section        4  printf1.o(x$fpl$printf1)
    $v0                                      0x00001fec   Number         0  printf1.o(x$fpl$printf1)
    .constdata                               0x00001ff0   Section      148  bigflt0.o(.constdata)
    x$fpl$usenofp                            0x00001ff0   Section        0  usenofp.o(x$fpl$usenofp)
    tenpwrs_x                                0x00001ff0   Data          60  bigflt0.o(.constdata)
    tenpwrs_i                                0x0000202c   Data          64  bigflt0.o(.constdata)
    locale$$data                             0x000020a4   Section       28  lc_numeric_c.o(locale$$data)
    __lcnum_c_name                           0x000020a8   Data           2  lc_numeric_c.o(locale$$data)
    __lcnum_c_start                          0x000020b0   Data           0  lc_numeric_c.o(locale$$data)
    __lcnum_c_point                          0x000020bc   Data           0  lc_numeric_c.o(locale$$data)
    __lcnum_c_thousands                      0x000020be   Data           0  lc_numeric_c.o(locale$$data)
    __lcnum_c_grouping                       0x000020bf   Data           0  lc_numeric_c.o(locale$$data)
    __lcnum_c_end                            0x000020c0   Data           0  lc_numeric_c.o(locale$$data)
    .data                                    0x20000000   Section       28  main.o(.data)
    .data                                    0x2000001c   Section        4  system_tm4c123.o(.data)
    .bss                                     0x20000020   Section       80  main.o(.bss)
    .bss                                     0x20000070   Section       96  libspace.o(.bss)
    HEAP                                     0x200000d0   Section        0  startup_tm4c123.o(HEAP)
    STACK                                    0x200000d0   Section      512  startup_tm4c123.o(STACK)
    Heap_Mem                                 0x200000d0   Data           0  startup_tm4c123.o(HEAP)
    Stack_Mem                                0x200000d0   Data         512  startup_tm4c123.o(STACK)
    __initial_sp                             0x200002d0   Data           0  startup_tm4c123.o(STACK)

    Global Symbols

    Symbol Name                              Value     Ov Type        Size  Object(Section)

    BuildAttributes$$THM_ISAv4$E$P$D$K$B$S$7EM$VFPi3$EXTD16$VFPS$VFMA$PE$A:L22UL41UL21$X:L11$S22US41US21$IEEE1$IW$USESV6$~STKCKD$USESV7$~SHL$OTIME$ROPI$IEEEJ$EBA8$UX$STANDARDLIB$REQ8$PRES8$EABIv2 0x00000000   Number         0  anon$$obj.o ABSOLUTE
    __ARM_use_no_argv                        0x00000000   Number         0  main.o ABSOLUTE
    __Vectors                                0x00000000   Data           4  startup_tm4c123.o(RESET)
    _printf_flags                            0x00000000   Number         0  printf_stubs.o ABSOLUTE
    _printf_return_value                     0x00000000   Number         0  printf_stubs.o ABSOLUTE
    _printf_sizespec                         0x00000000   Number         0  printf_stubs.o ABSOLUTE
    _printf_widthprec                        0x00000000   Number         0  printf_stubs.o ABSOLUTE
    __ARM_exceptions_init                     - Undefined Weak Reference
    __alloca_initialize                       - Undefined Weak Reference
    __arm_preinit_                            - Undefined Weak Reference
    __cpp_initialize__aeabi_                  - Undefined Weak Reference
    __cxa_finalize                            - Undefined Weak Reference
    __sigvec_lookup                           - Undefined Weak Reference
    _atexit_init                              - Undefined Weak Reference
    _call_atexit_fns                          - Undefined Weak Reference
    _clock_init                               - Undefined Weak Reference
    _fp_trap_init                             - Undefined Weak Reference
    _fp_trap_shutdown                         - Undefined Weak Reference
    _get_lc_collate                           - Undefined Weak Reference
    _get_lc_ctype                             - Undefined Weak Reference
    _get_lc_monetary                          - Undefined Weak Reference
    _get_lc_time                              - Undefined Weak Reference
    _getenv_init                              - Undefined Weak Reference
    _handle_redirection                       - Undefined Weak Reference
    _init_alloc                               - Undefined Weak Reference
    _init_user_alloc                          - Undefined Weak Reference
    _initio                                   - Undefined Weak Reference
    _printf_post_padding                      - Undefined Weak Reference
    _printf_pre_padding                       - Undefined Weak Reference
    _rand_init                                - Undefined Weak Reference
    _signal_finish                            - Undefined Weak Reference
    _signal_init                              - Undefined Weak Reference
    _terminate_alloc                          - Undefined Weak Reference
    _terminate_user_alloc                     - Undefined Weak Reference
    _terminateio                              - Undefined Weak Reference
    __Vectors_End                            0x0000026c   Data           0  startup_tm4c123.o(RESET)
    __Vectors_Size                           0x0000026c   Number         0  startup_tm4c123.o ABSOLUTE
    __main                                   0x0000026d   Thumb Code     8  __main.o(!!!main)
    __scatterload                            0x00000275   Thumb Code     0  __scatter.o(!!!scatter)
    __scatterload_rt2                        0x00000275   Thumb Code    44  __scatter.o(!!!scatter)
    __scatterload_rt2_thumb_only             0x00000275   Thumb Code     0  __scatter.o(!!!scatter)
    __scatterload_null                       0x00000283   Thumb Code     0  __scatter.o(!!!scatter)
    __scatterload_copy                       0x000002a9   Thumb Code    26  __scatter_copy.o(!!handler_copy)
    __scatterload_zeroinit                   0x000002c5   Thumb Code    28  __scatter_zi.o(!!handler_zi)
    _printf_f                                0x000002e1   Thumb Code     0  _printf_f.o(.ARM.Collect$$_printf_percent$$00000003)
    _printf_percent                          0x000002e1   Thumb Code     0  _printf_percent.o(.ARM.Collect$$_printf_percent$$00000000)
    _printf_percent_end                      0x000002e7   Thumb Code     0  _printf_percent_end.o(.ARM.Collect$$_printf_percent$$00000017)
    __rt_lib_init                            0x000002eb   Thumb Code     0  libinit.o(.ARM.Collect$$libinit$$00000000)
    __rt_lib_init_fp_1                       0x000002ed   Thumb Code     0  libinit2.o(.ARM.Collect$$libinit$$00000001)
    __rt_lib_init_heap_1                     0x000002f1   Thumb Code     0  libinit2.o(.ARM.Collect$$libinit$$0000000A)
    __rt_lib_init_lc_common                  0x000002f1   Thumb Code     0  libinit2.o(.ARM.Collect$$libinit$$0000000F)
    __rt_lib_init_preinit_1                  0x000002f1   Thumb Code     0  libinit2.o(.ARM.Collect$$libinit$$00000004)
    __rt_lib_init_rand_1                     0x000002f1   Thumb Code     0  libinit2.o(.ARM.Collect$$libinit$$0000000E)
    __rt_lib_init_user_alloc_1               0x000002f1   Thumb Code     0  libinit2.o(.ARM.Collect$$libinit$$0000000C)
    __rt_lib_init_lc_collate_1               0x000002f7   Thumb Code     0  libinit2.o(.ARM.Collect$$libinit$$00000011)
    __rt_lib_init_lc_ctype_1                 0x000002f7   Thumb Code     0  libinit2.o(.ARM.Collect$$libinit$$00000013)
    __rt_lib_init_lc_monetary_1              0x000002f7   Thumb Code     0  libinit2.o(.ARM.Collect$$libinit$$00000015)
    __rt_lib_init_lc_numeric_2               0x000002f7   Thumb Code     0  libinit2.o(.ARM.Collect$$libinit$$00000016)
    __rt_lib_init_alloca_1                   0x00000301   Thumb Code     0  libinit2.o(.ARM.Collect$$libinit$$0000002E)
    __rt_lib_init_argv_1                     0x00000301   Thumb Code     0  libinit2.o(.ARM.Collect$$libinit$$0000002C)
    __rt_lib_init_atexit_1                   0x00000301   Thumb Code     0  libinit2.o(.ARM.Collect$$libinit$$0000001B)
    __rt_lib_init_clock_1                    0x00000301   Thumb Code     0  libinit2.o(.ARM.Collect$$libinit$$00000021)
    __rt_lib_init_cpp_1                      0x00000301   Thumb Code     0  libinit2.o(.ARM.Collect$$libinit$$00000032)
    __rt_lib_init_exceptions_1               0x00000301   Thumb Code     0  libinit2.o(.ARM.Collect$$libinit$$00000030)
    __rt_lib_init_fp_trap_1                  0x00000301   Thumb Code     0  libinit2.o(.ARM.Collect$$libinit$$0000001F)
    __rt_lib_init_getenv_1                   0x00000301   Thumb Code     0  libinit2.o(.ARM.Collect$$libinit$$00000023)
    __rt_lib_init_lc_numeric_1               0x00000301   Thumb Code     0  libinit2.o(.ARM.Collect$$libinit$$00000017)
    __rt_lib_init_lc_time_1                  0x00000301   Thumb Code     0  libinit2.o(.ARM.Collect$$libinit$$00000019)
    __rt_lib_init_return                     0x00000301   Thumb Code     0  libinit2.o(.ARM.Collect$$libinit$$00000033)
    __rt_lib_init_signal_1                   0x00000301   Thumb Code     0  libinit2.o(.ARM.Collect$$libinit$$0000001D)
    __rt_lib_init_stdio_1                    0x00000301   Thumb Code     0  libinit2.o(.ARM.Collect$$libinit$$00000025)
    __rt_lib_shutdown                        0x00000303   Thumb Code     0  libshutdown.o(.ARM.Collect$$libshutdown$$00000000)
    __rt_lib_shutdown_cpp_1                  0x00000305   Thumb Code     0  libshutdown2.o(.ARM.Collect$$libshutdown$$00000002)
    __rt_lib_shutdown_fp_trap_1              0x00000305   Thumb Code     0  libshutdown2.o(.ARM.Collect$$libshutdown$$00000007)
    __rt_lib_shutdown_heap_1                 0x00000305   Thumb Code     0  libshutdown2.o(.ARM.Collect$$libshutdown$$0000000F)
    __rt_lib_shutdown_return                 0x00000305   Thumb Code     0  libshutdown2.o(.ARM.Collect$$libshutdown$$00000010)
    __rt_lib_shutdown_signal_1               0x00000305   Thumb Code     0  libshutdown2.o(.ARM.Collect$$libshutdown$$0000000A)
    __rt_lib_shutdown_stdio_1                0x00000305   Thumb Code     0  libshutdown2.o(.ARM.Collect$$libshutdown$$00000004)
    __rt_lib_shutdown_user_alloc_1           0x00000305   Thumb Code     0  libshutdown2.o(.ARM.Collect$$libshutdown$$0000000C)
    __rt_entry                               0x00000307   Thumb Code     0  __rtentry.o(.ARM.Collect$$rtentry$$00000000)
    __rt_entry_presh_1                       0x00000307   Thumb Code     0  __rtentry2.o(.ARM.Collect$$rtentry$$00000002)
    __rt_entry_sh                            0x00000307   Thumb Code     0  __rtentry4.o(.ARM.Collect$$rtentry$$00000004)
    __rt_entry_li                            0x0000030d   Thumb Code     0  __rtentry2.o(.ARM.Collect$$rtentry$$0000000A)
    __rt_entry_postsh_1                      0x0000030d   Thumb Code     0  __rtentry2.o(.ARM.Collect$$rtentry$$00000009)
    __rt_entry_main                          0x00000311   Thumb Code     0  __rtentry2.o(.ARM.Collect$$rtentry$$0000000D)
    __rt_entry_postli_1                      0x00000311   Thumb Code     0  __rtentry2.o(.ARM.Collect$$rtentry$$0000000C)
    __rt_exit                                0x00000319   Thumb Code     0  rtexit.o(.ARM.Collect$$rtexit$$00000000)
    __rt_exit_ls                             0x0000031b   Thumb Code     0  rtexit2.o(.ARM.Collect$$rtexit$$00000003)
    __rt_exit_prels_1                        0x0000031b   Thumb Code     0  rtexit2.o(.ARM.Collect$$rtexit$$00000002)
    __rt_exit_exit                           0x0000031f   Thumb Code     0  rtexit2.o(.ARM.Collect$$rtexit$$00000004)
    display_Reset                            0x00000325   Thumb Code    80  main.o(.text)
    display_Error                            0x00000375   Thumb Code    58  main.o(.text)
    calculate                                0x000003af   Thumb Code    48  main.o(.text)
    key_Press                                0x000003df   Thumb Code   596  main.o(.text)
    main                                     0x00000633   Thumb Code    56  main.o(.text)
    lcd_EN_Pulse                             0x000006a9   Thumb Code    26  lcd.o(.text)
    lcd_Write_Cmd                            0x000006c3   Thumb Code    64  lcd.o(.text)
    lcd_Init                                 0x00000703   Thumb Code   134  lcd.o(.text)
    lcd_Write_Data                           0x00000789   Thumb Code    76  lcd.o(.text)
    lcd_Write_String                         0x000007d5   Thumb Code    22  lcd.o(.text)
    lcd_Clear_Screen                         0x000007eb   Thumb Code    10  lcd.o(.text)
    lcd_Goto                                 0x000007f5   Thumb Code    14  lcd.o(.text)
    read_Keypad                              0x00000815   Thumb Code    64  keypad.o(.text)
    decode_Key_Press                         0x00000855   Thumb Code   134  keypad.o(.text)
    SysTick_Init                             0x000008e5   Thumb Code    24  pll.o(.text)
    PLL_Init                                 0x000008fd   Thumb Code   108  pll.o(.text)
    SysTick_Wait                             0x00000969   Thumb Code    30  pll.o(.text)
    PortA_Init                               0x0000098d   Thumb Code    92  port_init.o(.text)
    PortB_Init                               0x000009e9   Thumb Code    94  port_init.o(.text)
    PortD_Init                               0x00000a47   Thumb Code   102  port_init.o(.text)
    PortE_Init                               0x00000aad   Thumb Code    92  port_init.o(.text)
    Reset_Handler                            0x00000b39   Thumb Code     8  startup_tm4c123.o(.text)
    NMI_Handler                              0x00000b41   Thumb Code     2  startup_tm4c123.o(.text)
    HardFault_Handler                        0x00000b43   Thumb Code     2  startup_tm4c123.o(.text)
    MemManage_Handler                        0x00000b45   Thumb Code     2  startup_tm4c123.o(.text)
    BusFault_Handler                         0x00000b47   Thumb Code     2  startup_tm4c123.o(.text)
    UsageFault_Handler                       0x00000b49   Thumb Code     2  startup_tm4c123.o(.text)
    SVC_Handler                              0x00000b4b   Thumb Code     2  startup_tm4c123.o(.text)
    DebugMon_Handler                         0x00000b4d   Thumb Code     2  startup_tm4c123.o(.text)
    PendSV_Handler                           0x00000b4f   Thumb Code     2  startup_tm4c123.o(.text)
    SysTick_Handler                          0x00000b51   Thumb Code     2  startup_tm4c123.o(.text)
    GPIOA_Handler                            0x00000b53   Thumb Code     2  startup_tm4c123.o(.text)
    GPIOB_Handler                            0x00000b55   Thumb Code     2  startup_tm4c123.o(.text)
    GPIOC_Handler                            0x00000b57   Thumb Code     2  startup_tm4c123.o(.text)
    GPIOD_Handler                            0x00000b59   Thumb Code     2  startup_tm4c123.o(.text)
    GPIOE_Handler                            0x00000b5b   Thumb Code     2  startup_tm4c123.o(.text)
    UART0_Handler                            0x00000b5d   Thumb Code     2  startup_tm4c123.o(.text)
    UART1_Handler                            0x00000b5f   Thumb Code     2  startup_tm4c123.o(.text)
    SSI0_Handler                             0x00000b61   Thumb Code     2  startup_tm4c123.o(.text)
    I2C0_Handler                             0x00000b63   Thumb Code     2  startup_tm4c123.o(.text)
    PMW0_FAULT_Handler                       0x00000b65   Thumb Code     2  startup_tm4c123.o(.text)
    PWM0_0_Handler                           0x00000b67   Thumb Code     2  startup_tm4c123.o(.text)
    PWM0_1_Handler                           0x00000b69   Thumb Code     2  startup_tm4c123.o(.text)
    PWM0_2_Handler                           0x00000b6b   Thumb Code     2  startup_tm4c123.o(.text)
    QEI0_Handler                             0x00000b6d   Thumb Code     2  startup_tm4c123.o(.text)
    ADC0SS0_Handler                          0x00000b6f   Thumb Code     2  startup_tm4c123.o(.text)
    ADC0SS1_Handler                          0x00000b71   Thumb Code     2  startup_tm4c123.o(.text)
    ADC0SS2_Handler                          0x00000b73   Thumb Code     2  startup_tm4c123.o(.text)
    ADC0SS3_Handler                          0x00000b75   Thumb Code     2  startup_tm4c123.o(.text)
    WDT0_Handler                             0x00000b77   Thumb Code     2  startup_tm4c123.o(.text)
    TIMER0A_Handler                          0x00000b79   Thumb Code     2  startup_tm4c123.o(.text)
    TIMER0B_Handler                          0x00000b7b   Thumb Code     2  startup_tm4c123.o(.text)
    TIMER1A_Handler                          0x00000b7d   Thumb Code     2  startup_tm4c123.o(.text)
    TIMER1B_Handler                          0x00000b7f   Thumb Code     2  startup_tm4c123.o(.text)
    TIMER2A_Handler                          0x00000b81   Thumb Code     2  startup_tm4c123.o(.text)
    TIMER2B_Handler                          0x00000b83   Thumb Code     2  startup_tm4c123.o(.text)
    COMP0_Handler                            0x00000b85   Thumb Code     2  startup_tm4c123.o(.text)
    COMP1_Handler                            0x00000b87   Thumb Code     2  startup_tm4c123.o(.text)
    COMP2_Handler                            0x00000b89   Thumb Code     2  startup_tm4c123.o(.text)
    SYSCTL_Handler                           0x00000b8b   Thumb Code     2  startup_tm4c123.o(.text)
    FLASH_Handler                            0x00000b8d   Thumb Code     2  startup_tm4c123.o(.text)
    GPIOF_Handler                            0x00000b8f   Thumb Code     2  startup_tm4c123.o(.text)
    GPIOG_Handler                            0x00000b91   Thumb Code     2  startup_tm4c123.o(.text)
    GPIOH_Handler                            0x00000b93   Thumb Code     2  startup_tm4c123.o(.text)
    UART2_Handler                            0x00000b95   Thumb Code     2  startup_tm4c123.o(.text)
    SSI1_Handler                             0x00000b97   Thumb Code     2  startup_tm4c123.o(.text)
    TIMER3A_Handler                          0x00000b99   Thumb Code     2  startup_tm4c123.o(.text)
    TIMER3B_Handler                          0x00000b9b   Thumb Code     2  startup_tm4c123.o(.text)
    I2C1_Handler                             0x00000b9d   Thumb Code     2  startup_tm4c123.o(.text)
    QEI1_Handler                             0x00000b9f   Thumb Code     2  startup_tm4c123.o(.text)
    CAN0_Handler                             0x00000ba1   Thumb Code     2  startup_tm4c123.o(.text)
    CAN1_Handler                             0x00000ba3   Thumb Code     2  startup_tm4c123.o(.text)
    CAN2_Handler                             0x00000ba5   Thumb Code     2  startup_tm4c123.o(.text)
    HIB_Handler                              0x00000ba7   Thumb Code     2  startup_tm4c123.o(.text)
    USB0_Handler                             0x00000ba9   Thumb Code     2  startup_tm4c123.o(.text)
    PWM0_3_Handler                           0x00000bab   Thumb Code     2  startup_tm4c123.o(.text)
    UDMA_Handler                             0x00000bad   Thumb Code     2  startup_tm4c123.o(.text)
    UDMAERR_Handler                          0x00000baf   Thumb Code     2  startup_tm4c123.o(.text)
    ADC1SS0_Handler                          0x00000bb1   Thumb Code     2  startup_tm4c123.o(.text)
    ADC1SS1_Handler                          0x00000bb3   Thumb Code     2  startup_tm4c123.o(.text)
    ADC1SS2_Handler                          0x00000bb5   Thumb Code     2  startup_tm4c123.o(.text)
    ADC1SS3_Handler                          0x00000bb7   Thumb Code     2  startup_tm4c123.o(.text)
    GPIOJ_Handler                            0x00000bb9   Thumb Code     2  startup_tm4c123.o(.text)
    GPIOK_Handler                            0x00000bbb   Thumb Code     2  startup_tm4c123.o(.text)
    GPIOL_Handler                            0x00000bbd   Thumb Code     2  startup_tm4c123.o(.text)
    SSI2_Handler                             0x00000bbf   Thumb Code     2  startup_tm4c123.o(.text)
    SSI3_Handler                             0x00000bc1   Thumb Code     2  startup_tm4c123.o(.text)
    UART3_Handler                            0x00000bc3   Thumb Code     2  startup_tm4c123.o(.text)
    UART4_Handler                            0x00000bc5   Thumb Code     2  startup_tm4c123.o(.text)
    UART5_Handler                            0x00000bc7   Thumb Code     2  startup_tm4c123.o(.text)
    UART6_Handler                            0x00000bc9   Thumb Code     2  startup_tm4c123.o(.text)
    UART7_Handler                            0x00000bcb   Thumb Code     2  startup_tm4c123.o(.text)
    I2C2_Handler                             0x00000bcd   Thumb Code     2  startup_tm4c123.o(.text)
    I2C3_Handler                             0x00000bcf   Thumb Code     2  startup_tm4c123.o(.text)
    TIMER4A_Handler                          0x00000bd1   Thumb Code     2  startup_tm4c123.o(.text)
    TIMER4B_Handler                          0x00000bd3   Thumb Code     2  startup_tm4c123.o(.text)
    TIMER5A_Handler                          0x00000bd5   Thumb Code     2  startup_tm4c123.o(.text)
    TIMER5B_Handler                          0x00000bd7   Thumb Code     2  startup_tm4c123.o(.text)
    WTIMER0A_Handler                         0x00000bd9   Thumb Code     2  startup_tm4c123.o(.text)
    WTIMER0B_Handler                         0x00000bdb   Thumb Code     2  startup_tm4c123.o(.text)
    WTIMER1A_Handler                         0x00000bdd   Thumb Code     2  startup_tm4c123.o(.text)
    WTIMER1B_Handler                         0x00000bdf   Thumb Code     2  startup_tm4c123.o(.text)
    WTIMER2A_Handler                         0x00000be1   Thumb Code     2  startup_tm4c123.o(.text)
    WTIMER2B_Handler                         0x00000be3   Thumb Code     2  startup_tm4c123.o(.text)
    WTIMER3A_Handler                         0x00000be5   Thumb Code     2  startup_tm4c123.o(.text)
    WTIMER3B_Handler                         0x00000be7   Thumb Code     2  startup_tm4c123.o(.text)
    WTIMER4A_Handler                         0x00000be9   Thumb Code     2  startup_tm4c123.o(.text)
    WTIMER4B_Handler                         0x00000beb   Thumb Code     2  startup_tm4c123.o(.text)
    WTIMER5A_Handler                         0x00000bed   Thumb Code     2  startup_tm4c123.o(.text)
    WTIMER5B_Handler                         0x00000bef   Thumb Code     2  startup_tm4c123.o(.text)
    FPU_Handler                              0x00000bf1   Thumb Code     2  startup_tm4c123.o(.text)
    I2C4_Handler                             0x00000bf3   Thumb Code     2  startup_tm4c123.o(.text)
    I2C5_Handler                             0x00000bf5   Thumb Code     2  startup_tm4c123.o(.text)
    GPIOM_Handler                            0x00000bf7   Thumb Code     2  startup_tm4c123.o(.text)
    GPION_Handler                            0x00000bf9   Thumb Code     2  startup_tm4c123.o(.text)
    QEI2_Handler                             0x00000bfb   Thumb Code     2  startup_tm4c123.o(.text)
    GPIOP0_Handler                           0x00000bfd   Thumb Code     2  startup_tm4c123.o(.text)
    GPIOP1_Handler                           0x00000bff   Thumb Code     2  startup_tm4c123.o(.text)
    GPIOP2_Handler                           0x00000c01   Thumb Code     2  startup_tm4c123.o(.text)
    GPIOP3_Handler                           0x00000c03   Thumb Code     2  startup_tm4c123.o(.text)
    GPIOP4_Handler                           0x00000c05   Thumb Code     2  startup_tm4c123.o(.text)
    GPIOP5_Handler                           0x00000c07   Thumb Code     2  startup_tm4c123.o(.text)
    GPIOP6_Handler                           0x00000c09   Thumb Code     2  startup_tm4c123.o(.text)
    GPIOP7_Handler                           0x00000c0b   Thumb Code     2  startup_tm4c123.o(.text)
    GPIOQ0_Handler                           0x00000c0d   Thumb Code     2  startup_tm4c123.o(.text)
    GPIOQ1_Handler                           0x00000c0f   Thumb Code     2  startup_tm4c123.o(.text)
    GPIOQ2_Handler                           0x00000c11   Thumb Code     2  startup_tm4c123.o(.text)
    GPIOQ3_Handler                           0x00000c13   Thumb Code     2  startup_tm4c123.o(.text)
    GPIOQ4_Handler                           0x00000c15   Thumb Code     2  startup_tm4c123.o(.text)
    GPIOQ5_Handler                           0x00000c17   Thumb Code     2  startup_tm4c123.o(.text)
    GPIOQ6_Handler                           0x00000c19   Thumb Code     2  startup_tm4c123.o(.text)
    GPIOQ7_Handler                           0x00000c1b   Thumb Code     2  startup_tm4c123.o(.text)
    GPIOR_Handler                            0x00000c1d   Thumb Code     2  startup_tm4c123.o(.text)
    GPIOS_Handler                            0x00000c1f   Thumb Code     2  startup_tm4c123.o(.text)
    PMW1_0_Handler                           0x00000c21   Thumb Code     2  startup_tm4c123.o(.text)
    PWM1_1_Handler                           0x00000c23   Thumb Code     2  startup_tm4c123.o(.text)
    PWM1_2_Handler                           0x00000c25   Thumb Code     2  startup_tm4c123.o(.text)
    PWM1_3_Handler                           0x00000c27   Thumb Code     2  startup_tm4c123.o(.text)
    PWM1_FAULT_Handler                       0x00000c29   Thumb Code     2  startup_tm4c123.o(.text)
    __user_initial_stackheap                 0x00000c2d   Thumb Code     0  startup_tm4c123.o(.text)
    SystemCoreClockUpdate                    0x00000d03   Thumb Code   184  system_tm4c123.o(.text)
    SystemInit                               0x00000dbb   Thumb Code   112  system_tm4c123.o(.text)
    __2sprintf                               0x00000e9d   Thumb Code    34  noretval__2sprintf.o(.text)
    __printf                                 0x00000ec5   Thumb Code   270  __printf_wp.o(.text)
    __use_two_region_memory                  0x00000fd3   Thumb Code     2  heapauxi.o(.text)
    __rt_heap_escrow$2region                 0x00000fd5   Thumb Code     2  heapauxi.o(.text)
    __rt_heap_expand$2region                 0x00000fd7   Thumb Code     2  heapauxi.o(.text)
    __lib_sel_fp_printf                      0x00000fd9   Thumb Code     2  _printf_fp_dec.o(.text)
    _printf_fp_dec_real                      0x00001187   Thumb Code   620  _printf_fp_dec.o(.text)
    _printf_char_common                      0x000013ff   Thumb Code    32  _printf_char_common.o(.text)
    _sputc                                   0x00001425   Thumb Code    10  _sputc.o(.text)
    __rt_locale                              0x00001431   Thumb Code     8  rt_locale_intlibspace.o(.text)
    _ll_udiv10                               0x00001439   Thumb Code   138  lludiv10.o(.text)
    _printf_fp_infnan                        0x000014c5   Thumb Code   112  _printf_fp_infnan.o(.text)
    _btod_etento                             0x00001545   Thumb Code   216  bigflt0.o(.text)
    __user_libspace                          0x00001621   Thumb Code     8  libspace.o(.text)
    __user_perproc_libspace                  0x00001621   Thumb Code     0  libspace.o(.text)
    __user_perthread_libspace                0x00001621   Thumb Code     0  libspace.o(.text)
    __user_setup_stackheap                   0x00001629   Thumb Code    74  sys_stackheap_outer.o(.text)
    exit                                     0x00001673   Thumb Code    18  exit.o(.text)
    strcmp                                   0x00001685   Thumb Code   128  strcmpv7m.o(.text)
    _sys_exit                                0x00001705   Thumb Code     8  sys_exit.o(.text)
    __I$use$semihosting                      0x00001711   Thumb Code     0  use_no_semi.o(.text)
    __use_no_semihosting_swi                 0x00001711   Thumb Code     2  use_no_semi.o(.text)
    __semihosting_library_function           0x00001713   Thumb Code     0  indicate_semi.o(.text)
    _btod_d2e                                0x00001713   Thumb Code    62  btod.o(CL$$btod_d2e)
    _d2e_denorm_low                          0x00001751   Thumb Code    70  btod.o(CL$$btod_d2e_denorm_low)
    _d2e_norm_op1                            0x00001797   Thumb Code    96  btod.o(CL$$btod_d2e_norm_op1)
    __btod_div_common                        0x000017f7   Thumb Code   696  btod.o(CL$$btod_div_common)
    _e2e                                     0x00001b2f   Thumb Code   198  btod.o(CL$$btod_e2e)
    _btod_ediv                               0x00001bf5   Thumb Code    40  btod.o(CL$$btod_ediv)
    _btod_emul                               0x00001c1d   Thumb Code    40  btod.o(CL$$btod_emul)
    __btod_mult_common                       0x00001c45   Thumb Code   580  btod.o(CL$$btod_mult_common)
    __ARM_fpclassify                         0x00001e89   Thumb Code    48  fpclassify.o(i.__ARM_fpclassify)
    _is_digit                                0x00001eb9   Thumb Code    14  __printf_wp.o(i._is_digit)
    _get_lc_numeric                          0x00001ec9   Thumb Code    44  lc_numeric_c.o(locale$$code)
    __fpl_dretinf                            0x00001ef5   Thumb Code    12  dretinf.o(x$fpl$dretinf)
    __aeabi_f2d                              0x00001f01   Thumb Code     0  f2d.o(x$fpl$f2d)
    _f2d                                     0x00001f01   Thumb Code    86  f2d.o(x$fpl$f2d)
    __fpl_fnaninf                            0x00001f57   Thumb Code   140  fnaninf.o(x$fpl$fnaninf)
    _fp_init                                 0x00001fe3   Thumb Code    10  fpinit.o(x$fpl$fpinit)
    __fplib_config_fpu_vfp                   0x00001feb   Thumb Code     0  fpinit.o(x$fpl$fpinit)
    __fplib_config_pureend_doubles           0x00001feb   Thumb Code     0  fpinit.o(x$fpl$fpinit)
    _printf_fp_dec                           0x00001fed   Thumb Code     4  printf1.o(x$fpl$printf1)
    __I$use$fp                               0x00001ff0   Number         0  usenofp.o(x$fpl$usenofp)
    Region$$Table$$Base                      0x00002084   Number         0  anon$$obj.o(Region$$Table)
    Region$$Table$$Limit                     0x000020a4   Number         0  anon$$obj.o(Region$$Table)
    answer                                   0x20000000   Data           4  main.o(.data)
    operation                                0x20000004   Data           4  main.o(.data)
    array_Counter                            0x20000008   Data           4  main.o(.data)
    i                                        0x2000000c   Data           4  main.o(.data)
    decodekey                                0x20000010   Data           1  main.o(.data)
    number_flag                              0x20000014   Data           4  main.o(.data)
    operation_flag                           0x20000018   Data           4  main.o(.data)
    SystemCoreClock                          0x2000001c   Data           4  system_tm4c123.o(.data)
    buffer                                   0x20000020   Data          16  main.o(.bss)
    button_Press_Array                       0x20000030   Data          64  main.o(.bss)
    __libspace_start                         0x20000070   Data          96  libspace.o(.bss)
    __temporary_stack_top$libspace           0x200000d0   Data           0  libspace.o(.bss)



==============================================================================

Memory Map of the image

  Image Entry point : 0x00000b39

  Load Region LR_1 (Base: 0x00000000, Size: 0x000020e0, Max: 0xffffffff, ABSOLUTE)

    Execution Region ER_RO (Base: 0x00000000, Size: 0x000020c0, Max: 0xffffffff, ABSOLUTE)

    Base Addr    Size         Type   Attr      Idx    E Section Name        Object

    0x00000000   0x0000026c   Data   RO           88    RESET               startup_tm4c123.o
    0x0000026c   0x00000008   Code   RO          175  * !!!main             c_w.l(__main.o)
    0x00000274   0x00000034   Code   RO          393    !!!scatter          c_w.l(__scatter.o)
    0x000002a8   0x0000001a   Code   RO          395    !!handler_copy      c_w.l(__scatter_copy.o)
    0x000002c2   0x00000002   PAD
    0x000002c4   0x0000001c   Code   RO          397    !!handler_zi        c_w.l(__scatter_zi.o)
    0x000002e0   0x00000000   Code   RO          172    .ARM.Collect$$_printf_percent$$00000000  c_w.l(_printf_percent.o)
    0x000002e0   0x00000006   Code   RO          171    .ARM.Collect$$_printf_percent$$00000003  c_w.l(_printf_f.o)
    0x000002e6   0x00000004   Code   RO          188    .ARM.Collect$$_printf_percent$$00000017  c_w.l(_printf_percent_end.o)
    0x000002ea   0x00000002   Code   RO          266    .ARM.Collect$$libinit$$00000000  c_w.l(libinit.o)
    0x000002ec   0x00000004   Code   RO          267    .ARM.Collect$$libinit$$00000001  c_w.l(libinit2.o)
    0x000002f0   0x00000000   Code   RO          270    .ARM.Collect$$libinit$$00000004  c_w.l(libinit2.o)
    0x000002f0   0x00000000   Code   RO          273    .ARM.Collect$$libinit$$0000000A  c_w.l(libinit2.o)
    0x000002f0   0x00000000   Code   RO          275    .ARM.Collect$$libinit$$0000000C  c_w.l(libinit2.o)
    0x000002f0   0x00000000   Code   RO          277    .ARM.Collect$$libinit$$0000000E  c_w.l(libinit2.o)
    0x000002f0   0x00000006   Code   RO          278    .ARM.Collect$$libinit$$0000000F  c_w.l(libinit2.o)
    0x000002f6   0x00000000   Code   RO          280    .ARM.Collect$$libinit$$00000011  c_w.l(libinit2.o)
    0x000002f6   0x00000000   Code   RO          282    .ARM.Collect$$libinit$$00000013  c_w.l(libinit2.o)
    0x000002f6   0x00000000   Code   RO          284    .ARM.Collect$$libinit$$00000015  c_w.l(libinit2.o)
    0x000002f6   0x0000000a   Code   RO          285    .ARM.Collect$$libinit$$00000016  c_w.l(libinit2.o)
    0x00000300   0x00000000   Code   RO          286    .ARM.Collect$$libinit$$00000017  c_w.l(libinit2.o)
    0x00000300   0x00000000   Code   RO          288    .ARM.Collect$$libinit$$00000019  c_w.l(libinit2.o)
    0x00000300   0x00000000   Code   RO          290    .ARM.Collect$$libinit$$0000001B  c_w.l(libinit2.o)
    0x00000300   0x00000000   Code   RO          292    .ARM.Collect$$libinit$$0000001D  c_w.l(libinit2.o)
    0x00000300   0x00000000   Code   RO          294    .ARM.Collect$$libinit$$0000001F  c_w.l(libinit2.o)
    0x00000300   0x00000000   Code   RO          296    .ARM.Collect$$libinit$$00000021  c_w.l(libinit2.o)
    0x00000300   0x00000000   Code   RO          298    .ARM.Collect$$libinit$$00000023  c_w.l(libinit2.o)
    0x00000300   0x00000000   Code   RO          300    .ARM.Collect$$libinit$$00000025  c_w.l(libinit2.o)
    0x00000300   0x00000000   Code   RO          304    .ARM.Collect$$libinit$$0000002C  c_w.l(libinit2.o)
    0x00000300   0x00000000   Code   RO          306    .ARM.Collect$$libinit$$0000002E  c_w.l(libinit2.o)
    0x00000300   0x00000000   Code   RO          308    .ARM.Collect$$libinit$$00000030  c_w.l(libinit2.o)
    0x00000300   0x00000000   Code   RO          310    .ARM.Collect$$libinit$$00000032  c_w.l(libinit2.o)
    0x00000300   0x00000002   Code   RO          311    .ARM.Collect$$libinit$$00000033  c_w.l(libinit2.o)
    0x00000302   0x00000002   Code   RO          341    .ARM.Collect$$libshutdown$$00000000  c_w.l(libshutdown.o)
    0x00000304   0x00000000   Code   RO          352    .ARM.Collect$$libshutdown$$00000002  c_w.l(libshutdown2.o)
    0x00000304   0x00000000   Code   RO          354    .ARM.Collect$$libshutdown$$00000004  c_w.l(libshutdown2.o)
    0x00000304   0x00000000   Code   RO          357    .ARM.Collect$$libshutdown$$00000007  c_w.l(libshutdown2.o)
    0x00000304   0x00000000   Code   RO          360    .ARM.Collect$$libshutdown$$0000000A  c_w.l(libshutdown2.o)
    0x00000304   0x00000000   Code   RO          362    .ARM.Collect$$libshutdown$$0000000C  c_w.l(libshutdown2.o)
    0x00000304   0x00000000   Code   RO          365    .ARM.Collect$$libshutdown$$0000000F  c_w.l(libshutdown2.o)
    0x00000304   0x00000002   Code   RO          366    .ARM.Collect$$libshutdown$$00000010  c_w.l(libshutdown2.o)
    0x00000306   0x00000000   Code   RO          181    .ARM.Collect$$rtentry$$00000000  c_w.l(__rtentry.o)
    0x00000306   0x00000000   Code   RO          195    .ARM.Collect$$rtentry$$00000002  c_w.l(__rtentry2.o)
    0x00000306   0x00000006   Code   RO          207    .ARM.Collect$$rtentry$$00000004  c_w.l(__rtentry4.o)
    0x0000030c   0x00000000   Code   RO          197    .ARM.Collect$$rtentry$$00000009  c_w.l(__rtentry2.o)
    0x0000030c   0x00000004   Code   RO          198    .ARM.Collect$$rtentry$$0000000A  c_w.l(__rtentry2.o)
    0x00000310   0x00000000   Code   RO          200    .ARM.Collect$$rtentry$$0000000C  c_w.l(__rtentry2.o)
    0x00000310   0x00000008   Code   RO          201    .ARM.Collect$$rtentry$$0000000D  c_w.l(__rtentry2.o)
    0x00000318   0x00000002   Code   RO          312    .ARM.Collect$$rtexit$$00000000  c_w.l(rtexit.o)
    0x0000031a   0x00000000   Code   RO          319    .ARM.Collect$$rtexit$$00000002  c_w.l(rtexit2.o)
    0x0000031a   0x00000004   Code   RO          320    .ARM.Collect$$rtexit$$00000003  c_w.l(rtexit2.o)
    0x0000031e   0x00000006   Code   RO          321    .ARM.Collect$$rtexit$$00000004  c_w.l(rtexit2.o)
    0x00000324   0x00000384   Code   RO            1    .text               main.o
    0x000006a8   0x0000016c   Code   RO           38    .text               lcd.o
    0x00000814   0x000000d0   Code   RO           50    .text               keypad.o
    0x000008e4   0x000000a8   Code   RO           62    .text               pll.o
    0x0000098c   0x000001ac   Code   RO           74    .text               port_init.o
    0x00000b38   0x00000114   Code   RO           89  * .text               startup_tm4c123.o
    0x00000c4c   0x00000250   Code   RO           97    .text               system_tm4c123.o
    0x00000e9c   0x00000028   Code   RO          147    .text               c_w.l(noretval__2sprintf.o)
    0x00000ec4   0x0000010e   Code   RO          159    .text               c_w.l(__printf_wp.o)
    0x00000fd2   0x00000006   Code   RO          173    .text               c_w.l(heapauxi.o)
    0x00000fd8   0x0000041a   Code   RO          182    .text               c_w.l(_printf_fp_dec.o)
    0x000013f2   0x00000002   PAD
    0x000013f4   0x00000030   Code   RO          184    .text               c_w.l(_printf_char_common.o)
    0x00001424   0x0000000a   Code   RO          186    .text               c_w.l(_sputc.o)
    0x0000142e   0x00000002   PAD
    0x00001430   0x00000008   Code   RO          212    .text               c_w.l(rt_locale_intlibspace.o)
    0x00001438   0x0000008a   Code   RO          214    .text               c_w.l(lludiv10.o)
    0x000014c2   0x00000002   PAD
    0x000014c4   0x00000080   Code   RO          216    .text               c_w.l(_printf_fp_infnan.o)
    0x00001544   0x000000dc   Code   RO          220    .text               c_w.l(bigflt0.o)
    0x00001620   0x00000008   Code   RO          252    .text               c_w.l(libspace.o)
    0x00001628   0x0000004a   Code   RO          255    .text               c_w.l(sys_stackheap_outer.o)
    0x00001672   0x00000012   Code   RO          257    .text               c_w.l(exit.o)
    0x00001684   0x00000080   Code   RO          259    .text               c_w.l(strcmpv7m.o)
    0x00001704   0x0000000c   Code   RO          331    .text               c_w.l(sys_exit.o)
    0x00001710   0x00000002   Code   RO          342    .text               c_w.l(use_no_semi.o)
    0x00001712   0x00000000   Code   RO          344    .text               c_w.l(indicate_semi.o)
    0x00001712   0x0000003e   Code   RO          223    CL$$btod_d2e        c_w.l(btod.o)
    0x00001750   0x00000046   Code   RO          225    CL$$btod_d2e_denorm_low  c_w.l(btod.o)
    0x00001796   0x00000060   Code   RO          224    CL$$btod_d2e_norm_op1  c_w.l(btod.o)
    0x000017f6   0x00000338   Code   RO          233    CL$$btod_div_common  c_w.l(btod.o)
    0x00001b2e   0x000000c6   Code   RO          230    CL$$btod_e2e        c_w.l(btod.o)
    0x00001bf4   0x00000028   Code   RO          227    CL$$btod_ediv       c_w.l(btod.o)
    0x00001c1c   0x00000028   Code   RO          226    CL$$btod_emul       c_w.l(btod.o)
    0x00001c44   0x00000244   Code   RO          232    CL$$btod_mult_common  c_w.l(btod.o)
    0x00001e88   0x00000030   Code   RO          250    i.__ARM_fpclassify  m_wm.l(fpclassify.o)
    0x00001eb8   0x0000000e   Code   RO          161    i._is_digit         c_w.l(__printf_wp.o)
    0x00001ec6   0x00000002   PAD
    0x00001ec8   0x0000002c   Code   RO          246    locale$$code        c_w.l(lc_numeric_c.o)
    0x00001ef4   0x0000000c   Code   RO          189    x$fpl$dretinf       fz_wm.l(dretinf.o)
    0x00001f00   0x00000056   Code   RO          177    x$fpl$f2d           fz_wm.l(f2d.o)
    0x00001f56   0x0000008c   Code   RO          191    x$fpl$fnaninf       fz_wm.l(fnaninf.o)
    0x00001fe2   0x0000000a   Code   RO          316    x$fpl$fpinit        fz_wm.l(fpinit.o)
    0x00001fec   0x00000004   Code   RO          179    x$fpl$printf1       fz_wm.l(printf1.o)
    0x00001ff0   0x00000000   Code   RO          193    x$fpl$usenofp       fz_wm.l(usenofp.o)
    0x00001ff0   0x00000094   Data   RO          221    .constdata          c_w.l(bigflt0.o)
    0x00002084   0x00000020   Data   RO          391    Region$$Table       anon$$obj.o
    0x000020a4   0x0000001c   Data   RO          245    locale$$data        c_w.l(lc_numeric_c.o)


    Execution Region ER_RW (Base: 0x20000000, Size: 0x00000020, Max: 0xffffffff, ABSOLUTE)

    Base Addr    Size         Type   Attr      Idx    E Section Name        Object

    0x20000000   0x0000001c   Data   RW            3    .data               main.o
    0x2000001c   0x00000004   Data   RW           98    .data               system_tm4c123.o


    Execution Region ER_ZI (Base: 0x20000020, Size: 0x000002b0, Max: 0xffffffff, ABSOLUTE)

    Base Addr    Size         Type   Attr      Idx    E Section Name        Object

    0x20000020   0x00000050   Zero   RW            2    .bss                main.o
    0x20000070   0x00000060   Zero   RW          253    .bss                c_w.l(libspace.o)
    0x200000d0   0x00000000   Zero   RW           87    HEAP                startup_tm4c123.o
    0x200000d0   0x00000200   Zero   RW           86    STACK               startup_tm4c123.o


==============================================================================

Image component sizes


      Code (inc. data)   RO Data    RW Data    ZI Data      Debug   Object Name

       208         10          0          0          0       1163   keypad.o
       364         18          0          0          0       1552   lcd.o
       900         62          0         28         80       3993   main.o
       168          6          0          0          0        813   pll.o
       428         48          0          0          0        970   port_init.o
       276         24        620          0        512       5476   startup_tm4c123.o
       592        138          0          4          0       4589   system_tm4c123.o

    ----------------------------------------------------------------------
      2936        306        652         32        592      18556   Object Totals
         0          0         32          0          0          0   (incl. Generated)
         0          0          0          0          0          0   (incl. Padding)

    ----------------------------------------------------------------------

      Code (inc. data)   RO Data    RW Data    ZI Data      Debug   Library Member Name

         8          0          0          0          0         68   __main.o
       284          0          0          0          0        156   __printf_wp.o
         0          0          0          0          0          0   __rtentry.o
        12          0          0          0          0          0   __rtentry2.o
         6          0          0          0          0          0   __rtentry4.o
        52          8          0          0          0          0   __scatter.o
        26          0          0          0          0          0   __scatter_copy.o
        28          0          0          0          0          0   __scatter_zi.o
        48          6          0          0          0         96   _printf_char_common.o
         6          0          0          0          0          0   _printf_f.o
      1050          0          0          0          0        216   _printf_fp_dec.o
       128         16          0          0          0         84   _printf_fp_infnan.o
         0          0          0          0          0          0   _printf_percent.o
         4          0          0          0          0          0   _printf_percent_end.o
        10          0          0          0          0         68   _sputc.o
       220          4        148          0          0         96   bigflt0.o
      1910        128          0          0          0        672   btod.o
        18          0          0          0          0         80   exit.o
         6          0          0          0          0        152   heapauxi.o
         0          0          0          0          0          0   indicate_semi.o
        44         10         28          0          0         76   lc_numeric_c.o
         2          0          0          0          0          0   libinit.o
        22          0          0          0          0          0   libinit2.o
         2          0          0          0          0          0   libshutdown.o
         2          0          0          0          0          0   libshutdown2.o
         8          4          0          0         96         68   libspace.o
       138          0          0          0          0         80   lludiv10.o
        40          6          0          0          0         84   noretval__2sprintf.o
         8          4          0          0          0         68   rt_locale_intlibspace.o
         2          0          0          0          0          0   rtexit.o
        10          0          0          0          0          0   rtexit2.o
       128          0          0          0          0         68   strcmpv7m.o
        12          4          0          0          0         68   sys_exit.o
        74          0          0          0          0         80   sys_stackheap_outer.o
         2          0          0          0          0         68   use_no_semi.o
        12          0          0          0          0        116   dretinf.o
        86          4          0          0          0        132   f2d.o
       140          4          0          0          0        132   fnaninf.o
        10          0          0          0          0        116   fpinit.o
         4          0          0          0          0        116   printf1.o
         0          0          0          0          0          0   usenofp.o
        48          0          0          0          0        124   fpclassify.o

    ----------------------------------------------------------------------
      4620        198        176          0         96       3084   Library Totals
        10          0          0          0          0          0   (incl. Padding)

    ----------------------------------------------------------------------

      Code (inc. data)   RO Data    RW Data    ZI Data      Debug   Library Name

      4310        190        176          0         96       2348   c_w.l
       252          8          0          0          0        612   fz_wm.l
        48          0          0          0          0        124   m_wm.l

    ----------------------------------------------------------------------
      4620        198        176          0         96       3084   Library Totals

    ----------------------------------------------------------------------

==============================================================================


      Code (inc. data)   RO Data    RW Data    ZI Data      Debug   

      7556        504        828         32        688      19492   Grand Totals
      7556        504        828         32        688      19492   ELF Image Totals
      7556        504        828         32          0          0   ROM Totals

==============================================================================

    Total RO  Size (Code + RO Data)                 8384 (   8.19kB)
    Total RW  Size (RW Data + ZI Data)               720 (   0.70kB)
    Total ROM Size (Code + RO Data + RW Data)       8416 (   8.22kB)

==============================================================================

